[index/index.html]
[backblue.gif]
[fade.gif]
[index.html]
[events/index/index.html]
[wp-includes/js/jquery/jquery/index.js]
[wp-content/plugins/add-link-to-facebook/add-link-to-facebook/index.css]
[wp-content/plugins/template-events-calendar/css/font-awesome-4.7.0/css/font-awesome.min/index.css]
[wp-content/plugins/ultimate-social-media-icons/css/sfsi-style/index.css]
[wp-includes/js/jquery/jquery-migrate.min/index.js]
[wp-content/themes/oceanwp/assets/css/third/simple-line-icons.min/index.css]
[wp-content/themes/oceanwp/assets/css/third/font-awesome.min/index.css]
[wp-content/themes/oceanwp/assets/css/third/magnific-popup.min/index.css]
[wp-content/themes/oceanwp/assets/css/style.min/index.css]
[xmlrpc/index.php]
[wp-content/uploads/titan-framework-ect-css/index.css]
[wp-content/plugins/newsletter/subscription/style/index.css]
[wp-content/plugins/elementor/assets/lib/eicons/css/elementor-icons.min/index.css]
[wp-includes/wlwmanifest/index.xml]
[wp-json/oembed/1.0/embed/index.json]
[wp-content/uploads/elementor/css/global/index.css]
[wp-content/plugins/elementor/assets/css/animations.min/index.css]
[wp-content/uploads/elementor/css/post-823/index.css]
[wp-content/plugins/elementor/assets/css/frontend.min/index.css]
[wp-content/uploads/2018/02/cropped-219047_10150185513297486_4128736_o-1-32x32/index.jpg]
[wp-content/uploads/2018/02/cropped-219047_10150185513297486_4128736_o-1-192x192/index.jpg]
[wp-content/plugins/ocean-extra/assets/css/widgets/index.css]
[wp-json/index/index.html]
[wp-json/oembed/1.0/embed/index.html]
[wp-content/uploads/2018/02/cropped-219047_10150185513297486_4128736_o-1-180x180/index.jpg]
[wp-json/tribe/events/v1/index/index.html]
[wp-content/uploads/2018/02/Parents_Choice_Award_seal/index.jpg]
[wp-content/uploads/2018/02/v90LrlR__400x400/index.jpg]
[wp-content/uploads/2018/02/oMudjbQO_400x400.19/index.delayed]
[about/index/index.html]
[music/index/index.html]
[photos/index/index.html]
[video-2/index/index.html]
[press/index/index.html]
[tour/index/index.html]
[index/index.html]
[feed/index/index.html]
[comments/feed/index/index.html]
[wp-content/plugins/add-link-to-facebook/add-link-to-facebook/index.css]
[wp-content/plugins/template-events-calendar/css/font-awesome-4.7.0/fonts/fontawesome-webfont/index.eot]
[contact/index/index.html]
[wp-content/plugins/template-events-calendar/css/font-awesome-4.7.0/fonts/fontawesome-webfont/index-2.eot]
[wp-content/plugins/template-events-calendar/css/font-awesome-4.7.0/fonts/fontawesome-webfont/index.woff]
[wp-content/plugins/template-events-calendar/css/font-awesome-4.7.0/fonts/fontawesome-webfont/index.ttf]
[wp-content/plugins/template-events-calendar/css/font-awesome-4.7.0/css/font-awesome.min/index.css]
[wp-content/plugins/ultimate-social-media-icons/css/fonts/helvetica_bold_0-webfont/index.eot]
[wp-content/plugins/ultimate-social-media-icons/css/fonts/helvetica_bold_0-webfont/index-2.eot]
[wp-content/plugins/ultimate-social-media-icons/css/fonts/helvetica_bold_0-webfont/index.woff]
[wp-content/plugins/ultimate-social-media-icons/css/fonts/helvetica_bold_0-webfont/index.ttf]
[wp-content/plugins/ultimate-social-media-icons/css/fonts/helvetica_0-webfont/index.eot]
[wp-content/plugins/ultimate-social-media-icons/css/fonts/helvetica_0-webfont/index-2.eot]
[wp-content/plugins/ultimate-social-media-icons/css/fonts/helvetica_0-webfont/index.woff]
[wp-content/plugins/ultimate-social-media-icons/css/fonts/helvetica_0-webfont/index.ttf]
[wp-content/plugins/ultimate-social-media-icons/css/fonts/helveticaneue-light/index.eot]
[wp-content/plugins/ultimate-social-media-icons/css/fonts/helveticaneue-light/index-2.eot]
[wp-content/plugins/ultimate-social-media-icons/css/fonts/helveticaneue-light/index.woff]
[wp-content/plugins/ultimate-social-media-icons/css/fonts/helveticaneue-light/index.ttf]
[wp-content/plugins/ultimate-social-media-icons/images/count_bg/index.png]
[wp-content/plugins/ultimate-social-media-icons/images/check_bg/index.jpg]
[wp-content/plugins/ultimate-social-media-icons/images/radio_bg/index.png]
[wp-content/plugins/ultimate-social-media-icons/images/select_bg/index.jpg]
[wp-content/plugins/ultimate-social-media-icons/images/count_bg.31/index.delayed]
[wp-content/plugins/ultimate-social-media-icons/images/select_bg1/index.jpg]
[wp-content/plugins/ultimate-social-media-icons/images/tab_3_list_bg/index.jpg]
[wp-content/plugins/ultimate-social-media-icons/images/ajax-loader/index.gif]
[wp-content/plugins/ultimate-social-media-icons/images/bot_tip_icn/index.png]
[wp-content/plugins/ultimate-social-media-icons/css/images/count_top_arow/index.png]
[wp-content/plugins/ultimate-social-media-icons/css/images/count_left_arow/index.png]
[wp-content/plugins/ultimate-social-media-icons/css/sfsi-style/index.css]
[wp-content/themes/oceanwp/assets/fonts/fontawesome/fontawesome-webfont/index.eot]
[wp-content/themes/oceanwp/assets/fonts/fontawesome/fontawesome-webfont/index-2.eot]
[wp-content/themes/oceanwp/assets/fonts/fontawesome/fontawesome-webfont/index.woff]
[wp-content/themes/oceanwp/assets/fonts/fontawesome/fontawesome-webfont/index.ttf]
[wp-content/themes/oceanwp/assets/css/third/font-awesome.min/index.css]
[wp-content/themes/oceanwp/assets/fonts/simple-line-icons/Simple-Line-Icons/index.eot]
[wp-content/themes/oceanwp/assets/fonts/simple-line-icons/Simple-Line-Icons/index.ttf]
[wp-content/themes/oceanwp/assets/fonts/simple-line-icons/Simple-Line-Icons/index.woff]
[wp-content/themes/oceanwp/assets/css/third/simple-line-icons.min/index.css]
[wp-content/themes/oceanwp/assets/css/third/magnific-popup.min/index.css]
[wp-content/themes/oceanwp/assets/fonts/slick/slick/index.eot]
[wp-content/themes/oceanwp/assets/fonts/slick/slick/index-2.eot]
[wp-content/themes/oceanwp/assets/fonts/slick/slick/index.woff]
[wp-content/themes/oceanwp/assets/css/style.min/index.css]
[wp-content/uploads/titan-framework-ect-css/index.css]
[wp-content/plugins/newsletter/subscription/style/index.css]
[wp-content/themes/oceanwp/assets/fonts/slick/slick/index.ttf]
[wp-content/plugins/elementor/assets/lib/eicons/fonts/eicons/index.eot]
[wp-content/plugins/elementor/assets/lib/eicons/fonts/eicons/index.woff]
[wp-content/plugins/elementor/assets/lib/eicons/css/elementor-icons.min/index.css]
[wp-content/plugins/elementor/assets/lib/eicons/fonts/eicons/index.ttf]
[wp-content/plugins/elementor/assets/css/animations.min/index.css]
[wp-content/plugins/elementor/assets/images/ajax-loader/index.gif]
[wp-content/plugins/elementor/assets/css/frontend.min/index.css]
[wp-content/uploads/elementor/css/global/index.css]
[wp-content/uploads/2018/02/426792_10150655556012486_1007862385_n/index.jpg]
[wp-content/uploads/2018/02/10712947_10152787842417486_2144353571090014596_n/index.jpg]
[wp-content/uploads/2018/02/10414486_10152424478092486_1318185500185485844_n-1-1/index.jpg]
[wp-content/uploads/2018/02/23800084_10155870423467486_8097776702065797147_o-1-1/index.jpg]
[wp-content/uploads/2018/02/newspaper/index.jpg]
[wp-content/uploads/2018/02/23736054_10155870422742486_4346224977705826427_o/index.jpg]
[wp-content/uploads/elementor/css/post-823/index.css]
[wp-content/plugins/ocean-extra/assets/img/instagram-logo/index.png]
[wp-content/plugins/ocean-extra/assets/img/flickr/index.png]
[wp-content/plugins/ocean-extra/assets/css/widgets/index.css]
[wp-content/plugins/G4B_gallery/G4B_gallery/index.html]
[wp-json/oembed/1.0/embed/index-2.json]
[about/index/index.html]
[wp-content/uploads/elementor/css/post-1082/index.css]
[wp-json/oembed/1.0/embed/index-3.json]
[music/index/index.html]
[wp-content/uploads/elementor/css/post-827/index.css]
[wp-json/oembed/1.0/embed/index-4.json]
[video-2/index/index.html]
[wp-content/uploads/elementor/css/post-829/index.css]
[wp-json/oembed/1.0/embed/index-5.json]
[wp-content/uploads/elementor/css/post-835/index.css]
[wp-content/uploads/2018/02/10712947_10152787842417486_2144353571090014596_n-1-1/index.jpg]
[wp-content/uploads/2018/02/10343013_10152424475707486_7012055391534747920_n-1/index.jpg]
[wp-content/uploads/2018/02/Gus/index.jpg]
[wp-content/uploads/2018/02/23845679_10155870422677486_7306437131348756631_o-1/index.jpg]
[wp-content/uploads/2018/02/23826149_10155870421922486_6579902160980633676_o-1-1024x1024/index.jpg]
[wp-content/uploads/2018/02/23783550_10155870421087486_5816849625144766694_o/index.jpg]
[wp-content/uploads/2018/02/23845548_10155870423337486_7603539225007949114_o-1/index.jpg]
[wp-content/uploads/2018/02/69432_454367292485_5950862_n-1/index.jpg]
[wp-content/uploads/2018/02/23737716_10155870423522486_2525452800337579255_o-1-1024x1024/index.jpg]
[wp-content/uploads/2018/02/23736057_10155870427572486_6054385776069128894_o-1-1024x1024/index.jpg]
[wp-content/uploads/2018/02/14606401_10154601845402486_6286853919115631523_n/index.jpg]
[photos/index/index.html]
[wp-json/oembed/1.0/embed/index-6.json]
[wp-content/uploads/2010/04/Miami-Herald/index.pdf]
[wp-content/uploads/2018/02/bluenbc6logo-1/index.jpg]
[wp-content/uploads/elementor/css/post-831/index.css]
[wp-content/uploads/2018/02/SunSentinel-Logo/index.jpg]
[wp-content/uploads/2010/04/The-Hollywood-Reporter-Final/index.jpg]
[wp-content/uploads/2018/02/file16178-300x2232-1/index.jpg]
[wp-content/uploads/2018/02/Wlrn-color-logo-zRtE7uH_1/index.png]
[wp-content/uploads/2018/02/original_logos/index.png]
[press/index/index.html]
[wp-json/oembed/1.0/embed/index-7.json]
[wp-content/uploads/2018/02/eric-carle-museum-of-1/index.jpg]
[wp-content/uploads/2018/02/110896_78805a-41b9c22a_large-2/index.jpg]
[wp-content/uploads/2018/02/parlor-roomjpg-4cc555767fec589e-1/index.jpg]
[wp-content/uploads/2018/02/download-1/index.jpg]
[wp-content/uploads/2018/02/SFM/index.jpg]
[wp-content/uploads/2018/02/GRF/index.jpg]
[wp-content/uploads/2018/02/The_Barnacle_Historic_State_Park_sign_02-1024x768/index.jpg]
[wp-content/uploads/2018/02/fairchild-tropical-garden-1/index.jpg]
[wp-content/uploads/2018/02/MeltdownExpandBig/index.jpg]
[wp-content/uploads/elementor/css/post-833/index.css]
[wp-content/uploads/2018/02/smith-college-museum-copy/index.jpg]
[wp-content/uploads/2018/02/67th-Annual-Beaux-Arts-Festival-of-Art/index.jpg]
[wp-content/uploads/2018/02/58756596ccbe7.image_/index.jpg]
[wp-content/uploads/2018/02/220px-Miami_Childrens_Hospital/index.jpg]
[wp-content/uploads/2018/02/1200px-Nova_Library_West/index.jpg]
[wp-content/uploads/2018/02/Logo/index.jpg]
[wp-content/uploads/2018/02/5388aadd-aa18-4f5a-9b3e-419fc0a8641a/index.jpg]
[wp-content/uploads/2018/02/jdch25logo/index.jpg]
[wp-content/uploads/2018/02/decova/index.jpg]
[tour/index/index.html]
[wp-json/oembed/1.0/embed/index-8.html]
[contact/index/index.html]
[wp-content/uploads/elementor/css/post-997/index.css]
[www.instagram.com/inthenickoftimemusic/index.html]
[wp-content/plugins/template-events-calendar/css/font-awesome-4.7.0/fonts/fontawesome-webfont/index.html]
[wp-content/plugins/template-events-calendar/css/font-awesome-4.7.0/fonts/fontawesome-webfont/index.svg]
[wp-content/plugins/ultimate-social-media-icons/css/fonts/helvetica_bold_0-webfont/index.svg]
[wp-content/plugins/ultimate-social-media-icons/css/fonts/helvetica_0-webfont/index.svg]
[wp-content/plugins/ultimate-social-media-icons/css/fonts/helveticaneue-light/index.svg]
[wp-content/plugins/ultimate-social-media-icons/images/top_aro/index.html]
[wp-content/themes/oceanwp/assets/fonts/fontawesome/fontawesome-webfont/index.html]
[wp-content/themes/oceanwp/assets/fonts/fontawesome/fontawesome-webfont/index.svg]
[wp-content/themes/oceanwp/assets/fonts/simple-line-icons/Simple-Line-Icons/index.html]
[wp-content/themes/oceanwp/assets/fonts/simple-line-icons/Simple-Line-Icons/index.svg]
[wp-content/themes/oceanwp/assets/fonts/slick/slick/index.svg]
[wp-content/plugins/elementor/assets/lib/eicons/fonts/eicons/index.html]
[wp-content/plugins/elementor/assets/lib/eicons/fonts/eicons/index.svg]
[wp-content/uploads/2018/02/23783855_10155870424332486_6813117622747406122_o/index.jpg]
[wp-content/uploads/2018/02/BW/index.jpg]
[wp-content/uploads/2018/02/23800287_10155870422607486_9170199490454666928_o/index.jpg]
[wp-content/uploads/2018/02/23736208_10155870421552486_8965254411791819778_o/index.jpg]
[wp-content/uploads/elementor/css/post-1082/index.css]
[index/index-2.html]
[wp-json/oembed/1.0/embed/index-2.html]
[wp-content/uploads/2018/02/15826333_10209982033802451_3996939962314614449_n/index.jpg]
[wp-content/uploads/2018/02/71833_454365242485_6500667_n/index.jpg]
[wp-content/uploads/2018/02/10365959_10152424476577486_1468875726449011548_n/index.jpg]
[wp-content/uploads/elementor/css/post-827/index.css]
[index/index-3.html]
[wp-json/oembed/1.0/embed/index-3.html]
[wp-content/uploads/elementor/css/post-829/index.css]
[index/index-4.html]
[wp-json/oembed/1.0/embed/index-4.html]
[wp-content/uploads/2018/02/nbc/index.jpg]
[wp-content/uploads/2018/02/photo/index.jpg]
[wp-content/uploads/elementor/css/post-835/index.css]
[index/index-5.html]
[wp-json/oembed/1.0/embed/index-5.html]
[wp-content/uploads/2018/02/IMG_5831-1/index.jpg]
[wp-content/uploads/elementor/css/post-831/index.css]
[index/index-6.html]
[wp-json/oembed/1.0/embed/index-6.html]
[wp-content/uploads/2018/02/1966802_10152787842172486_5224266586438690859_n/index.jpg]
[wp-content/uploads/elementor/css/post-833/index.css]
[index/index-7.html]
[wp-json/oembed/1.0/embed/index-7.html]
[wp-content/uploads/2018/02/19959087_10155494355562486_1455817704749568356_n-1/index.jpg]
[wp-content/uploads/elementor/css/post-997/index.css]
[index/index-8.html]
[wp-json/oembed/1.0/embed/index-8.html]
